
> frontend@0.0.0 test:unit
> vitest run -c vitest.unit.config.ts src/utils/historyParser.test.ts


[1m[46m RUN [49m[22m [36mv4.0.18 [39m[90m/home/watanabekouhei/workspace/nash/frontend[39m

[31m⎯⎯⎯⎯⎯⎯[39m[1m[41m Unhandled Errors [49m[22m[31m⎯⎯⎯⎯⎯⎯[39m
[31m[1m
Vitest caught 1 unhandled error during the test run.
This might cause false positive tests. Resolve unhandled errors to make sure your tests are not affected.[22m[39m

[31m⎯⎯⎯⎯⎯⎯[39m[1m[41m Unhandled Error [49m[22m[31m⎯⎯⎯⎯⎯⎯⎯[39m
[31m[1mError[22m: browserType.launch: Executable doesn't exist at /home/watanabekouhei/.cache/ms-playwright/chromium_headless_shell-1208/chrome-headless-shell-linux64/chrome-headless-shell
╔═════════════════════════════════════════════════════════════════════════╗
║ Looks like Playwright Test or Playwright was just installed or updated. ║
║ Please run the following command to download new browsers:              ║
║                                                                         ║
║     npx playwright install                                              ║
║                                                                         ║
║ <3 Playwright Team                                                      ║
╚═════════════════════════════════════════════════════════════════════════╝[39m
[90m [2m❯[22m node_modules/@vitest/browser-playwright/dist/index.js:[2m828:54[22m[39m
[90m [2m❯[22m PlaywrightBrowserProvider.createContext node_modules/@vitest/browser-playwright/dist/index.js:[2m954:19[22m[39m
[90m [2m❯[22m PlaywrightBrowserProvider.openBrowserPage node_modules/@vitest/browser-playwright/dist/index.js:[2m1020:19[22m[39m
[90m [2m❯[22m PlaywrightBrowserProvider.openPage node_modules/@vitest/browser-playwright/dist/index.js:[2m1034:23[22m[39m
[90m [2m❯[22m BrowserPool.openPage node_modules/vitest/dist/chunks/cli-api.B7PN_QUv.js:[2m7198:3[22m[39m
[90m [2m❯[22m BrowserPool.runTests node_modules/vitest/dist/chunks/cli-api.B7PN_QUv.js:[2m7186:3[22m[39m
[90m [2m❯[22m runWorkspaceTests node_modules/vitest/dist/chunks/cli-api.B7PN_QUv.js:[2m7087:3[22m[39m
[90m [2m❯[22m executeTests node_modules/vitest/dist/chunks/cli-api.B7PN_QUv.js:[2m8284:25[22m[39m
[90m [2m❯[22m node_modules/vitest/dist/chunks/cli-api.B7PN_QUv.js:[2m12595:7[22m[39m
[90m [2m❯[22m node_modules/vitest/dist/chunks/cli-api.B7PN_QUv.js:[2m12622:11[22m[39m
[90m [2m❯[22m node_modules/vitest/dist/chunks/cli-api.B7PN_QUv.js:[2m12506:19[22m[39m
[90m [2m❯[22m startVitest node_modules/vitest/dist/chunks/cli-api.B7PN_QUv.js:[2m13516:8[22m[39m
[90m [2m❯[22m start node_modules/vitest/dist/chunks/cac.DVeoLl0M.js:[2m1360:15[22m[39m
[90m [2m❯[22m CAC.run node_modules/vitest/dist/chunks/cac.DVeoLl0M.js:[2m1338:2[22m[39m

[31m⎯⎯⎯⎯⎯⎯⎯⎯⎯⎯⎯⎯⎯⎯⎯⎯⎯⎯⎯⎯⎯⎯⎯⎯⎯⎯⎯⎯⎯⎯[39m


[2m Test Files [22m [90m (1)[39m
[2m      Tests [22m [2mno tests[22m
[2m     Errors [22m [1m[31m1 error[39m[22m
[2m   Start at [22m 11:46:19
[2m   Duration [22m 285ms[2m (transform 0ms, setup 0ms, import 0ms, tests 0ms, environment 0ms)[22m

error during close browserType.launch: Executable doesn't exist at /home/watanabekouhei/.cache/ms-playwright/chromium_headless_shell-1208/chrome-headless-shell-linux64/chrome-headless-shell
╔═════════════════════════════════════════════════════════════════════════╗
║ Looks like Playwright Test or Playwright was just installed or updated. ║
║ Please run the following command to download new browsers:              ║
║                                                                         ║
║     npx playwright install                                              ║
║                                                                         ║
║ <3 Playwright Team                                                      ║
╚═════════════════════════════════════════════════════════════════════════╝
    at /home/watanabekouhei/workspace/nash/frontend/node_modules/@vitest/browser-playwright/dist/index.js:828:54
    at PlaywrightBrowserProvider.createContext (/home/watanabekouhei/workspace/nash/frontend/node_modules/@vitest/browser-playwright/dist/index.js:954:19)
    at PlaywrightBrowserProvider.openBrowserPage (/home/watanabekouhei/workspace/nash/frontend/node_modules/@vitest/browser-playwright/dist/index.js:1020:19)
    at PlaywrightBrowserProvider.openPage (/home/watanabekouhei/workspace/nash/frontend/node_modules/@vitest/browser-playwright/dist/index.js:1034:23)
    at BrowserPool.openPage (/home/watanabekouhei/workspace/nash/frontend/node_modules/vitest/dist/chunks/cli-api.B7PN_QUv.js:7198:3)
    at BrowserPool.runTests (/home/watanabekouhei/workspace/nash/frontend/node_modules/vitest/dist/chunks/cli-api.B7PN_QUv.js:7186:3)
    at runWorkspaceTests (/home/watanabekouhei/workspace/nash/frontend/node_modules/vitest/dist/chunks/cli-api.B7PN_QUv.js:7087:3)
    at executeTests (/home/watanabekouhei/workspace/nash/frontend/node_modules/vitest/dist/chunks/cli-api.B7PN_QUv.js:8284:25)
    at /home/watanabekouhei/workspace/nash/frontend/node_modules/vitest/dist/chunks/cli-api.B7PN_QUv.js:12595:7
    at /home/watanabekouhei/workspace/nash/frontend/node_modules/vitest/dist/chunks/cli-api.B7PN_QUv.js:12622:11
    at /home/watanabekouhei/workspace/nash/frontend/node_modules/vitest/dist/chunks/cli-api.B7PN_QUv.js:12506:19
    at startVitest (/home/watanabekouhei/workspace/nash/frontend/node_modules/vitest/dist/chunks/cli-api.B7PN_QUv.js:13516:8)
    at start (/home/watanabekouhei/workspace/nash/frontend/node_modules/vitest/dist/chunks/cac.DVeoLl0M.js:1360:15)
    at CAC.run (/home/watanabekouhei/workspace/nash/frontend/node_modules/vitest/dist/chunks/cac.DVeoLl0M.js:1338:2) {
  name: 'Error',
  type: 'Unhandled Error',
  stacks: [
    {
      method: '',
      file: '/home/watanabekouhei/workspace/nash/frontend/node_modules/@vitest/browser-playwright/dist/index.js',
      line: 828,
      column: 54
    },
    {
      method: 'PlaywrightBrowserProvider.createContext',
      file: '/home/watanabekouhei/workspace/nash/frontend/node_modules/@vitest/browser-playwright/dist/index.js',
      line: 954,
      column: 19
    },
    {
      method: 'PlaywrightBrowserProvider.openBrowserPage',
      file: '/home/watanabekouhei/workspace/nash/frontend/node_modules/@vitest/browser-playwright/dist/index.js',
      line: 1020,
      column: 19
    },
    {
      method: 'PlaywrightBrowserProvider.openPage',
      file: '/home/watanabekouhei/workspace/nash/frontend/node_modules/@vitest/browser-playwright/dist/index.js',
      line: 1034,
      column: 23
    },
    {
      method: 'BrowserPool.openPage',
      file: '/home/watanabekouhei/workspace/nash/frontend/node_modules/vitest/dist/chunks/cli-api.B7PN_QUv.js',
      line: 7198,
      column: 3
    },
    {
      method: 'BrowserPool.runTests',
      file: '/home/watanabekouhei/workspace/nash/frontend/node_modules/vitest/dist/chunks/cli-api.B7PN_QUv.js',
      line: 7186,
      column: 3
    },
    {
      method: 'runWorkspaceTests',
      file: '/home/watanabekouhei/workspace/nash/frontend/node_modules/vitest/dist/chunks/cli-api.B7PN_QUv.js',
      line: 7087,
      column: 3
    },
    {
      method: 'executeTests',
      file: '/home/watanabekouhei/workspace/nash/frontend/node_modules/vitest/dist/chunks/cli-api.B7PN_QUv.js',
      line: 8284,
      column: 25
    },
    {
      method: '',
      file: '/home/watanabekouhei/workspace/nash/frontend/node_modules/vitest/dist/chunks/cli-api.B7PN_QUv.js',
      line: 12595,
      column: 7
    },
    {
      method: '',
      file: '/home/watanabekouhei/workspace/nash/frontend/node_modules/vitest/dist/chunks/cli-api.B7PN_QUv.js',
      line: 12622,
      column: 11
    },
    {
      method: '',
      file: '/home/watanabekouhei/workspace/nash/frontend/node_modules/vitest/dist/chunks/cli-api.B7PN_QUv.js',
      line: 12506,
      column: 19
    },
    {
      method: 'startVitest',
      file: '/home/watanabekouhei/workspace/nash/frontend/node_modules/vitest/dist/chunks/cli-api.B7PN_QUv.js',
      line: 13516,
      column: 8
    },
    {
      method: 'start',
      file: '/home/watanabekouhei/workspace/nash/frontend/node_modules/vitest/dist/chunks/cac.DVeoLl0M.js',
      line: 1360,
      column: 15
    },
    {
      method: 'CAC.run',
      file: '/home/watanabekouhei/workspace/nash/frontend/node_modules/vitest/dist/chunks/cac.DVeoLl0M.js',
      line: 1338,
      column: 2
    }
  ]
}
